contract: Contract(CAAAAAAAAAAAAAAAAAAAAAAAAAAAAAAAAAAAAAAAAAAAAAAAAAAARQG5)
topics: (Symbol(interchain_token_deployed), BytesN<32>(127, 197, 48, 155, 232, 144, 233, 5, 104, 135, 130, 118, 76, 97, 230, 164, 117, 144, 45, 242, 69, 90, 124, 72, 93, 71, 115, 62, 188, 31, 2, 167), Some(Contract(CBXOPW23I3THDRTZG2QKYC3WFGQ2Y5BEU2OAPTNLCLFFXQE3BEUJKBOQ)), Contract(CAAAAAAAAAAAAAAAAAAAAAAAAAAAAAAAAAAAAAAAAAAAAAAAAAAARQG5), String(name), String(symbol), 6)
data: ()