contract: Contract(CAAAAAAAAAAAAAAAAAAAAAAAAAAAAAAAAAAAAAAAAAAAAAAAAAAARQG5)
topics: (Symbol(token_deployment_started), BytesN<32>(242, 242, 113, 171, 85, 152, 84, 8, 108, 160, 123, 152, 207, 224, 199, 212, 81, 160, 129, 59, 136, 60, 3, 77, 101, 229, 115, 108, 194, 43, 206, 19), Contract(CCF7HWZ6PBT2MQ6AUBKXM4CPWAR2PO6ND34WXLB32NDAYD7KIKBAAS7I), String(ethereum), String(aaa:GAAAAAAAAAAAAAAAAAAAAAAAAAAAAAAAAAAAAAAAAAAAAAAAAAAA35JU), String(aaa), 7, None)
data: ()