contract: Contract(CAAAAAAAAAAAAAAAAAAAAAAAAAAAAAAAAAAAAAAAAAAAAAAAAAAARQG5)
topics: (String(interchain_token_deployment_started), BytesN<32>(127, 197, 48, 155, 232, 144, 233, 5, 104, 135, 130, 118, 76, 97, 230, 164, 117, 144, 45, 242, 69, 90, 124, 72, 93, 71, 115, 62, 188, 31, 2, 167), Contract(CBXOPW23I3THDRTZG2QKYC3WFGQ2Y5BEU2OAPTNLCLFFXQE3BEUJKBOQ), String(ethereum), String(name), String(symbol), 6, None)
data: ()