contract: Contract(CAAAAAAAAAAAAAAAAAAAAAAAAAAAAAAAAAAAAAAAAAAAAAAAAAAARQG5)
topics: (Symbol(interchain_token_deployed), BytesN<32>(1, 1, 1, 1, 1, 1, 1, 1, 1, 1, 1, 1, 1, 1, 1, 1, 1, 1, 1, 1, 1, 1, 1, 1, 1, 1, 1, 1, 1, 1, 1, 1), Contract(CC2X6B2EMWFZBSQLILCJNRFQWPAD4MS4XYWW7XU5GL3LHCWD7OU6A3ZS), String(Test), String(TEST), 18, Some(Contract(CAAAAAAAAAAAAAAAAAAAAAAAAAAAAAAAAAAAAAAAAAAAAAAAAAAATYON)))
data: ()