contract: Contract(CAAAAAAAAAAAAAAAAAAAAAAAAAAAAAAAAAAAAAAAAAAAAAAAAAAARQG5)
topics: (Symbol(token_deployment_started), BytesN<32>(48, 220, 237, 38, 128, 107, 253, 75, 251, 50, 196, 129, 206, 78, 108, 224, 155, 110, 103, 184, 153, 94, 61, 130, 172, 84, 115, 213, 30, 47, 161, 93), Contract(CCF7CGAN3G4L2LJV6EB3GZKQSQY6YGJ4XEQYQVA7GXOYRGIQXSIWVBTI), String(ethereum), String(aaa:GAAAAAAAAAAAAAAAAAAAAAAAAAAAAAAAAAAAAAAAAAAAAAAAAAAAZVBE), String(aaa), 7, None)
data: ()